------------------------------------------------------------
Timing Analyzer Summary
------------------------------------------------------------

Type  : Slow 1200mV 100C Model Setup 'clk'
Slack : -14.494
TNS   : -8123.686

Type  : Slow 1200mV 100C Model Hold 'clk'
Slack : 0.264
TNS   : 0.000

Type  : Slow 1200mV 100C Model Recovery 'clk'
Slack : -1.013
TNS   : -11.143

Type  : Slow 1200mV 100C Model Removal 'clk'
Slack : 1.212
TNS   : 0.000

Type  : Slow 1200mV 100C Model Minimum Pulse Width 'clk'
Slack : -3.000
TNS   : -1960.662

Type  : Slow 1200mV -40C Model Setup 'clk'
Slack : -12.837
TNS   : -7177.152

Type  : Slow 1200mV -40C Model Hold 'clk'
Slack : 0.258
TNS   : 0.000

Type  : Slow 1200mV -40C Model Recovery 'clk'
Slack : -0.813
TNS   : -8.943

Type  : Slow 1200mV -40C Model Removal 'clk'
Slack : 1.066
TNS   : 0.000

Type  : Slow 1200mV -40C Model Minimum Pulse Width 'clk'
Slack : -3.000
TNS   : -1956.602

Type  : Fast 1200mV -40C Model Setup 'clk'
Slack : -5.500
TNS   : -2690.997

Type  : Fast 1200mV -40C Model Hold 'clk'
Slack : 0.099
TNS   : 0.000

Type  : Fast 1200mV -40C Model Recovery 'clk'
Slack : 0.155
TNS   : 0.000

Type  : Fast 1200mV -40C Model Removal 'clk'
Slack : 0.526
TNS   : 0.000

Type  : Fast 1200mV -40C Model Minimum Pulse Width 'clk'
Slack : -3.000
TNS   : -1414.071

------------------------------------------------------------
