------------------------------------------------------------
Timing Analyzer Summary
------------------------------------------------------------

Type  : Slow 1200mV 100C Model Setup 'clk'
Slack : -9.942
TNS   : -6302.508

Type  : Slow 1200mV 100C Model Hold 'clk'
Slack : 0.266
TNS   : 0.000

Type  : Slow 1200mV 100C Model Recovery 'clk'
Slack : -0.986
TNS   : -10.846

Type  : Slow 1200mV 100C Model Removal 'clk'
Slack : 1.191
TNS   : 0.000

Type  : Slow 1200mV 100C Model Minimum Pulse Width 'clk'
Slack : -3.000
TNS   : -1960.662

Type  : Slow 1200mV -40C Model Setup 'clk'
Slack : -8.974
TNS   : -5566.922

Type  : Slow 1200mV -40C Model Hold 'clk'
Slack : 0.260
TNS   : 0.000

Type  : Slow 1200mV -40C Model Recovery 'clk'
Slack : -0.786
TNS   : -8.646

Type  : Slow 1200mV -40C Model Removal 'clk'
Slack : 1.045
TNS   : 0.000

Type  : Slow 1200mV -40C Model Minimum Pulse Width 'clk'
Slack : -3.000
TNS   : -1956.602

Type  : Fast 1200mV -40C Model Setup 'clk'
Slack : -3.604
TNS   : -1931.320

Type  : Fast 1200mV -40C Model Hold 'clk'
Slack : 0.100
TNS   : 0.000

Type  : Fast 1200mV -40C Model Recovery 'clk'
Slack : 0.166
TNS   : 0.000

Type  : Fast 1200mV -40C Model Removal 'clk'
Slack : 0.511
TNS   : 0.000

Type  : Fast 1200mV -40C Model Minimum Pulse Width 'clk'
Slack : -3.000
TNS   : -1411.345

------------------------------------------------------------
